<html>
<body>
<pre>
<h1>µVision Build Log</h1>
<h2>Tool Versions:</h2>
IDE-Version: ¦ÌVision V5.38.0.0
Copyright (C) 2022 ARM Ltd and ARM Germany GmbH. All rights reserved.
License Information: °ØÍ® Àî, ZJUT, LIC=IK1BF-6T38D-56ZQ2-9CUSN-86HJD-A3QKV
 
Tool Versions:
Toolchain:       MDK-ARM Plus  Version: 5.35.0.2
Toolchain Path:  C:\Keil_v5\ARM\ARMCC\Bin
C Compiler:      Armcc.exe V5.06 update 7 (build 960)
Assembler:       Armasm.exe V5.06 update 7 (build 960)
Linker/Locator:  ArmLink.exe V5.06 update 7 (build 960)
Library Manager: ArmAr.exe V5.06 update 7 (build 960)
Hex Converter:   FromElf.exe V5.06 update 7 (build 960)
CPU DLL:         SARMCM3.DLL V5.35.0.2
Dialog DLL:      DCM.DLL V1.17.3.0
Target DLL:      STLink\ST-LINKIII-KEIL_SWO.dll V3.0.9.0
Dialog DLL:      TCM.DLL V1.53.0.0
 
<h2>Project:</h2>
D:\E_Contest\CAR_Control_ball\STM32_code\CAR_BALL\MDK-ARM\CAR_BALL.uvprojx
Project File Date:  10/04/2025

<h2>Output:</h2>
*** Using Compiler 'V5.06 update 7 (build 960)', folder: 'C:\Keil_v5\ARM\ARMCC\Bin'
Rebuild target 'CAR_BALL'
assembling startup_stm32f427xx.s...
compiling stm32f4xx_hal_flash_ramfunc.c...
compiling gpio.c...
compiling stm32f4xx_it.c...
compiling stm32f4xx_hal_msp.c...
compiling stm32f4xx_hal_flash.c...
compiling tim.c...
compiling stm32f4xx_hal_flash_ex.c...
compiling main.c...
../Core/Src/main.c(96): warning:  #223-D: function "ALL_Init" declared implicitly
  ALL_Init();
../Core/Src/main.c(103): warning:  #223-D: function "speed_control" declared implicitly
  	  speed_control(50,50);
../Core/Src/main.c: 2 warnings, 0 errors
compiling usart.c...
compiling stm32f4xx_hal_tim_ex.c...
compiling stm32f4xx_hal_rcc_ex.c...
compiling stm32f4xx_hal_gpio.c...
compiling stm32f4xx_hal_rcc.c...
compiling stm32f4xx_hal_tim.c...
compiling PID.c...
compiling Camera.c...
..\Hardware\motor.h(13): warning:  #1-D: last line of file ends without a newline
  #endif
..\Hardware\Camera.h(22): warning:  #1-D: last line of file ends without a newline
  #endif
..\Hardware\Camera.c: 2 warnings, 0 errors
compiling stm32f4xx_hal_dma.c...
compiling stm32f4xx_hal_cortex.c...
compiling control.c...
../Hardware/motor.h(13): warning:  #1-D: last line of file ends without a newline
  #endif
../Hardware/Camera.h(22): warning:  #1-D: last line of file ends without a newline
  #endif
..\Control\control.h(17): warning:  #1-D: last line of file ends without a newline
  #endif
..\Control\control.c(47): warning:  #1-D: last line of file ends without a newline
  	
..\Control\control.c: 4 warnings, 0 errors
compiling system_stm32f4xx.c...
compiling stm32f4xx_hal.c...
compiling motor.c...
..\Hardware\motor.h(13): warning:  #1-D: last line of file ends without a newline
  #endif
..\Hardware\motor.c(56): warning:  #1-D: last line of file ends without a newline
  }
..\Hardware\motor.c: 2 warnings, 0 errors
compiling stm32f4xx_hal_dma_ex.c...
compiling stm32f4xx_hal_exti.c...
compiling stm32f4xx_hal_pwr.c...
compiling stm32f4xx_hal_pwr_ex.c...
compiling Key.c...
..\Hardware\motor.h(13): warning:  #1-D: last line of file ends without a newline
  #endif
..\Hardware\Camera.h(22): warning:  #1-D: last line of file ends without a newline
  #endif
..\Hardware\Key.h(14): warning:  #1295-D: Deprecated declaration Key_Detected - give arg types
  void Key_Detected();
..\Hardware\Key.h(17): warning:  #1-D: last line of file ends without a newline
  #endif
..\Hardware\Key.c(26): warning:  #1-D: last line of file ends without a newline
  }
..\Hardware\Key.c: 5 warnings, 0 errors
compiling stm32f4xx_hal_uart.c...
linking...
Program Size: Code=8832 RO-data=484 RW-data=36 ZI-data=1316  
FromELF: creating hex file...
"CAR_BALL\CAR_BALL.axf" - 0 Error(s), 15 Warning(s).

<h2>Software Packages used:</h2>

Package Vendor: ARM
                http://www.keil.com/pack/ARM.CMSIS.5.8.0.pack
                ARM.CMSIS.5.8.0
                CMSIS (Common Microcontroller Software Interface Standard)
   * Component: CORE Version: 5.5.0

Package Vendor: Keil
                https://www.keil.com/pack/Keil.STM32F4xx_DFP.2.17.1.pack
                Keil.STM32F4xx_DFP.2.17.1
                STMicroelectronics STM32F4 Series Device Support, Drivers and Examples

<h2>Collection of Component include folders:</h2>
  ./RTE/_CAR_BALL
  C:/Users/13613/AppData/Local/Arm/Packs/ARM/CMSIS/5.8.0/CMSIS/Core/Include
  C:/Users/13613/AppData/Local/Arm/Packs/Keil/STM32F4xx_DFP/2.17.1/Drivers/CMSIS/Device/ST/STM32F4xx/Include

<h2>Collection of Component Files used:</h2>

   * Component: ARM::CMSIS:CORE:5.5.0
      Include file:  CMSIS/Core/Include/tz_context.h
Build Time Elapsed:  00:00:24
</pre>
</body>
</html>
